Enter password:
Welcome to the MySQL monitor.  Commands end with ; or \g.
Your MySQL connection id is 39
Server version: 5.1.36-community-log MySQL Community Server (GPL)

Type 'help;' or '\h' for help. Type '\c' to clear the current input statement.

mysql> use travel
Database changed
mysql> select * from feedback;
+----------+--------------+-----------------+--------------+
| username | mobileno     | emailid         | feedback     |
+----------+--------------+-----------------+--------------+
| 1        | 1            | 1               |  1           |
| shirin   | 7298293319   | abc@gmail.com   |  well tour   |
|          |              |                 |              |
| divya    | 873283610730 | divya@gamil.com |  fwwwhshqihq |
| tayseen  | 57731836181  | abc@gmail.com   |  very nice   |
| ks       | s            | s               |  sas         |
+----------+--------------+-----------------+--------------+
6 rows in set (0.03 sec)

mysql> select * from login;
+----------+----------+
| username | password |
+----------+----------+
| shirin   | divya    |
+----------+----------+
1 row in set (0.06 sec)

mysql> select * from contactus;
Empty set (0.03 sec)

mysql> select * from signup;
+----------+----------+----------+---------+------+----------+
| username | password | email_id | address | city | mobileno |
+----------+----------+----------+---------+------+----------+
| s        | asas     | as       | sa      | as   | ad       |
+----------+----------+----------+---------+------+----------+
1 row in set (0.00 sec)

mysql> select * from select;
ERROR 1064 (42000): You have an error in your SQL syntax; check the manual that corresponds to your MySQL server version for the right syntax to use near 'select' at line 1
mysql> create table book(username text,address text,city text,select_pack_type text,select_vehicle text,select_place text);
Query OK, 0 rows affected (0.08 sec)

mysql> select * from book;
Empty set (0.01 sec)

mysql>